✔ normalizes whitespace and email; accepts every defined service (3.481ms)
✔ server rejects blank name before opening database (28.8793ms)
✔ server rejects long name before opening database (1.2476ms)
✔ server rejects invalid email before opening database (1.3855ms)
✔ server rejects long email before opening database (0.8672ms)
✔ server rejects NUL email before opening database (0.9158ms)
✔ server rejects unknown service before opening database (0.9506ms)
✔ server rejects short description before opening database (0.7717ms)
✔ server rejects long description before opening database (0.7471ms)
✔ server rejects control character before opening database (0.913ms)
✔ server rejects wrong field type before opening database (0.9346ms)
✔ server rejects invalid request id before opening database (0.6943ms)
✔ server rejects one emoji name before opening database (1.4597ms)
✔ server rejects ten emoji description before opening database (0.6448ms)
✔ exact character boundaries including astral Unicode reach database (2.8853ms)
✔ missing fields and non-object payloads are rejected (1.7887ms)
✔ created response matches committed row and four visitor fields (1.0174ms)
✔ success waits for the store's confirmed persistence result (7.6046ms)
✔ unconfirmed store results cannot create an API success response (1.7965ms)
✔ same submission retried concurrently creates exactly one row (1.6612ms)
✔ idempotency key cannot be reused for changed content (2.4617ms)
✔ SQL and HTML-like input is literal data (0.6981ms)
✔ storage failure has no success or leaked internal error (0.7569ms)
✔ malformed JSON returns 400 without a write (0.6555ms)
✔ wrong content type returns 415 (0.5074ms)
✔ cross-origin request is rejected (0.7069ms)
✔ body limit uses actual bytes even without Content-Length (1.2823ms)
✔ GET cannot read submitted personal data (0.477ms)
✔ success gate rejects HTTP errors, missing identity, and mismatched identity (0.36ms)
✔ record survives closing and reopening the historical SQLite fixture (14.8461ms)
✔ public Host and forwarded HTTPS origin work behind Next.js proxy; foreign origin stays blocked (1.0835ms)
✔ session proxy creates the SDK client from public config and calls getClaims (5.2456ms)
✔ proxy awaits refresh before returning the updated cookie response (6.4809ms)
✔ refresh preserves every cookie chunk and its browser options (1.0995ms)
✔ SDK cache headers survive on the same returned response as refreshed cookies (0.8397ms)
✔ a missing session keeps the landing page public without a login redirect (0.5385ms)
✔ concurrent requests get separate clients and cannot exchange cookies (1.083ms)
✔ Supabase transport sends one bounded POST with the five RPC arguments (23.3552ms)
✔ identical RPC replay remains a replay rather than a new request (0.5059ms)
✔ HTTP 409 maps to the typed identity conflict (0.842ms)
✔ upstream HTTP failures do not expose database diagnostics (1.1212ms)
✔ wrong or incomplete RPC identity cannot confirm persistence (1.4053ms)
✔ empty or malformed successful responses cannot confirm persistence (0.9544ms)
✔ a successful response without a body is not a save confirmation (0.3388ms)
✔ transport rejection cannot become a successful store result (0.1953ms)
✔ an aborted persistence request cannot become a successful store result (0.3156ms)
✔ invalid endpoint configuration fails before any network call (0.4479ms)
ℹ tests 47
ℹ suites 0
ℹ pass 47
ℹ fail 0
ℹ cancelled 0
ℹ skipped 0
ℹ todo 0
ℹ duration_ms 280.8933
