✔ normalizes whitespace and email; accepts every defined service (3.3122ms)
✔ server rejects blank name before opening database (20.4956ms)
✔ server rejects long name before opening database (1.1561ms)
✔ server rejects invalid email before opening database (1.012ms)
✔ server rejects long email before opening database (0.7916ms)
✔ server rejects NUL email before opening database (0.8869ms)
✔ server rejects unknown service before opening database (0.7112ms)
✔ server rejects short description before opening database (0.6336ms)
✔ server rejects long description before opening database (0.6965ms)
✔ server rejects control character before opening database (0.9706ms)
✔ server rejects wrong field type before opening database (0.9544ms)
✔ server rejects invalid request id before opening database (0.6332ms)
✔ server rejects one emoji name before opening database (0.5343ms)
✔ server rejects ten emoji description before opening database (1.3987ms)
✔ exact character boundaries including astral Unicode reach database (2.0681ms)
✔ missing fields and non-object payloads are rejected (1.1863ms)
✔ created response matches committed row and four visitor fields (0.7363ms)
✔ success waits for the store's confirmed persistence result (7.0516ms)
✔ unconfirmed store results cannot create an API success response (1.4169ms)
✔ same submission retried concurrently creates exactly one row (0.9706ms)
✔ idempotency key cannot be reused for changed content (1.5619ms)
✔ SQL and HTML-like input is literal data (0.5315ms)
✔ storage failure has no success or leaked internal error (0.5382ms)
✔ malformed JSON returns 400 without a write (0.4703ms)
✔ wrong content type returns 415 (0.3451ms)
✔ cross-origin request is rejected (0.5243ms)
✔ body limit uses actual bytes even without Content-Length (1.1653ms)
✔ GET cannot read submitted personal data (0.4493ms)
✔ success gate rejects HTTP errors, missing identity, and mismatched identity (0.3502ms)
✔ record survives closing and reopening the historical SQLite fixture (13.575ms)
✔ public Host and forwarded HTTPS origin work behind Next.js proxy; foreign origin stays blocked (1.0734ms)
✔ Supabase transport sends one bounded POST with the five RPC arguments (20.7238ms)
✔ identical RPC replay remains a replay rather than a new request (0.4618ms)
✔ HTTP 409 maps to the typed identity conflict (0.6941ms)
✔ upstream HTTP failures do not expose database diagnostics (1.0058ms)
✔ wrong or incomplete RPC identity cannot confirm persistence (2.16ms)
✔ empty or malformed successful responses cannot confirm persistence (1.0074ms)
✔ a successful response without a body is not a save confirmation (0.289ms)
✔ transport rejection cannot become a successful store result (0.1862ms)
✔ an aborted persistence request cannot become a successful store result (0.2904ms)
✔ invalid endpoint configuration fails before any network call (0.3285ms)
ℹ tests 41
ℹ suites 0
ℹ pass 41
ℹ fail 0
ℹ cancelled 0
ℹ skipped 0
ℹ todo 0
ℹ duration_ms 185.5255
